error: br is a self closing tag. Try "<br>" or "<br />"
 --> $DIR/should_be_self_closing_tag.rs:8:15
  |
8 |         <br></br>
  |               ^^
