error: Wrong closing tag. Try changing "strong" into "div"
 --> $DIR/wrong_closing_tag.rs:7:17
  |
7 |         <div> </strong>
  |                 ^^^^^^
